Starting a Gradle Daemon, 4 stopped Daemons could not be reused, use --status for details

> Configure project :app
WARNING: The option setting 'android.disallowKotlinSourceSets=false' is experimental.
The current default is 'true'.
.\gradlew : 
At line:1 char:54
+ ... isitorsApp; .\gradlew clean build --refresh-dependencies 2>&1 | Tee-O ...
+                 ~~~~~~~~~~~~~~~~~~~~~~~~~~~~~~~~~~~~~~~~~~~~~~~~~
    + CategoryInfo          : NotSpecified: (:String) [], RemoteException
    + FullyQualifiedErrorId : NativeCommandError
 
FAILURE: Build failed with an exception.

* Where:
Build file 'C:\Users\chris\AndroidStudioProjects\VisitorsApp\app\build.gradle.kts' line: 1

* What went wrong:
An exception occurred applying plugin request [id: 'com.google.dagger.hilt.android', version: '2.52']
> Failed to apply plugin 'com.google.dagger.hilt.android'.
   > Android BaseExtension not found.

* Try:
> Run with --stacktrace option to get the stack trace.
> Run with --info or --debug option to get more log output.
> Run with --scan to generate a Build Scan (Powered by Develocity).
> Get more help at https://help.gradle.org.

BUILD FAILED in 24s
